// Jest Snapshot v1, https://goo.gl/fbAQLP

exports[`basic rendering should render batch insights button 1`] = `
<button
  data-testid="batch-insights-btn"
  value="Batch Insights"
>
  Batch Insights
</button>
`;
